[2026-09-04T08:37:55.816Z] ═══════════════════════════════════════════════════════════
[2026-09-04T08:37:55.821Z] 🔄 PRE-COMMIT AUTO-SYNC STARTED
[2026-09-04T08:37:55.823Z] ═══════════════════════════════════════════════════════════
[2026-09-04T08:37:55.825Z] 
🔍 Checking for other sessions' pending work...
[2026-09-04T08:37:56.663Z]    ⚠️  Working tree has uncommitted changes:
[2026-09-04T08:37:56.665Z]       M logs/auto-sync/auto-sync-2026-09-04.log
[2026-09-04T08:37:56.665Z]        M olp_xdv_agent/olp_xdv
[2026-09-04T08:37:56.666Z]       ?? logs/pre-commit-sync/pre-commit-2026-09-04.log
[2026-09-04T08:37:56.782Z]    ⬆️  Local commits not pushed: 1
[2026-09-04T08:37:56.817Z]    ⬇️  Remote commits not pulled: 1
[2026-09-04T08:37:56.818Z]       Run: git pull --rebase
[2026-09-04T08:37:56.819Z] 
📦 Step 1: Vault <-> Memory sync (HR54)
[2026-09-04T08:37:57.135Z]    ✅ Sync complete
[2026-09-04T08:37:57.136Z] 
📥 Step 2: Git add -A (sweeps other sessions' staged files)
[2026-09-04T08:37:58.191Z]    ✅ Staged all changes
[2026-09-04T08:37:58.236Z] 
✅ Ready to commit 2 file(s)
[2026-09-04T08:37:58.236Z] 
═══════════════════════════════════════════════════════════
[2026-09-04T08:37:58.237Z] ✅ PRE-COMMIT AUTO-SYNC COMPLETE — Proceeding with commit
[2026-09-04T08:37:58.237Z] ═══════════════════════════════════════════════════════════

