[2026-08-28T01:42:49.539Z] ═══════════════════════════════════════════════════════════
[2026-08-28T01:42:49.562Z] 🔄 PRE-COMMIT AUTO-SYNC STARTED
[2026-08-28T01:42:49.563Z] ═══════════════════════════════════════════════════════════
[2026-08-28T01:42:49.564Z] 
🔍 Checking for other sessions' pending work...
[2026-08-28T01:42:51.395Z]    ⚠️  Working tree has uncommitted changes:
[2026-08-28T01:42:51.397Z]       M automaton
[2026-08-28T01:42:51.397Z]        M external/nba-patterns/nba-prediction
[2026-08-28T01:42:51.398Z]        M logs/auto-sync/auto-sync-2026-08-28.log
[2026-08-28T01:42:51.399Z]        M olp_xdv_agent/olp_xdv
[2026-08-28T01:42:51.399Z]       ?? logs/pre-commit-sync/pre-commit-2026-08-28.log
[2026-08-28T01:42:51.507Z]    ⬆️  Local commits not pushed: 1
[2026-08-28T01:42:51.535Z]    ⬇️  Remote commits not pulled: 1
[2026-08-28T01:42:51.536Z]       Run: git pull --rebase
[2026-08-28T01:42:51.536Z] 
📦 Step 1: Vault <-> Memory sync (HR54)
[2026-08-28T01:42:51.699Z]    ✅ Sync complete
[2026-08-28T01:42:51.700Z] 
📥 Step 2: Git add -A (sweeps other sessions' staged files)
[2026-08-28T01:42:54.339Z]    ✅ Staged all changes
[2026-08-28T01:42:54.446Z] 
✅ Ready to commit 2 file(s)
[2026-08-28T01:42:54.447Z] 
═══════════════════════════════════════════════════════════
[2026-08-28T01:42:54.448Z] ✅ PRE-COMMIT AUTO-SYNC COMPLETE — Proceeding with commit
[2026-08-28T01:42:54.448Z] ═══════════════════════════════════════════════════════════

