[2026-08-29T09:52:05.180Z] ═══════════════════════════════════════════════════════════
[2026-08-29T09:52:05.184Z] 🔄 PRE-COMMIT AUTO-SYNC STARTED
[2026-08-29T09:52:05.185Z] ═══════════════════════════════════════════════════════════
[2026-08-29T09:52:05.186Z] 
🔍 Checking for other sessions' pending work...
[2026-08-29T09:52:08.148Z]    ⚠️  Working tree has uncommitted changes:
[2026-08-29T09:52:08.149Z]       M automaton
[2026-08-29T09:52:08.150Z]        M external/nba-patterns/nba-prediction
[2026-08-29T09:52:08.151Z]        M logs/auto-sync/auto-sync-2026-08-29.log
[2026-08-29T09:52:08.152Z]        M olp_xdv_agent/olp_xdv
[2026-08-29T09:52:08.152Z]       ?? logs/pre-commit-sync/pre-commit-2026-08-29.log
[2026-08-29T09:52:08.314Z]    ⬆️  Local commits not pushed: 1
[2026-08-29T09:52:08.402Z]    ⬇️  Remote commits not pulled: 1
[2026-08-29T09:52:08.403Z]       Run: git pull --rebase
[2026-08-29T09:52:08.403Z] 
📦 Step 1: Vault <-> Memory sync (HR54)
[2026-08-29T09:52:08.629Z]    ✅ Sync complete
[2026-08-29T09:52:08.629Z] 
📥 Step 2: Git add -A (sweeps other sessions' staged files)
[2026-08-29T09:52:15.051Z]    ✅ Staged all changes
[2026-08-29T09:52:18.362Z] 
✅ Ready to commit 2 file(s)
[2026-08-29T09:52:18.363Z] 
═══════════════════════════════════════════════════════════
[2026-08-29T09:52:18.363Z] ✅ PRE-COMMIT AUTO-SYNC COMPLETE — Proceeding with commit
[2026-08-29T09:52:18.364Z] ═══════════════════════════════════════════════════════════

[2026-08-29T11:24:13.264Z] ═══════════════════════════════════════════════════════════
[2026-08-29T11:24:13.279Z] 🔄 PRE-COMMIT AUTO-SYNC STARTED
[2026-08-29T11:24:13.289Z] ═══════════════════════════════════════════════════════════
[2026-08-29T11:24:13.291Z] 
🔍 Checking for other sessions' pending work...
[2026-08-29T11:24:17.638Z]    ⚠️  Working tree has uncommitted changes:
[2026-08-29T11:24:17.640Z]       M automaton
[2026-08-29T11:24:17.641Z]        M external/nba-patterns/nba-prediction
[2026-08-29T11:24:17.642Z]        M logs/auto-sync/auto-sync-2026-08-29.log
[2026-08-29T11:24:17.642Z]        M logs/pre-commit-sync/pre-commit-2026-08-29.log
[2026-08-29T11:24:17.643Z]        M olp_xdv_agent/olp_xdv
[2026-08-29T11:24:18.193Z]    ⬆️  Local commits not pushed: 1
[2026-08-29T11:24:18.246Z]    ⬇️  Remote commits not pulled: 1
[2026-08-29T11:24:18.247Z]       Run: git pull --rebase
[2026-08-29T11:24:18.248Z] 
📦 Step 1: Vault <-> Memory sync (HR54)
[2026-08-29T11:24:18.656Z]    ✅ Sync complete
[2026-08-29T11:24:18.657Z] 
📥 Step 2: Git add -A (sweeps other sessions' staged files)
[2026-08-29T11:24:21.056Z]    ✅ Staged all changes
[2026-08-29T11:24:21.257Z] 
✅ Ready to commit 2 file(s)
[2026-08-29T11:24:21.257Z] 
═══════════════════════════════════════════════════════════
[2026-08-29T11:24:21.258Z] ✅ PRE-COMMIT AUTO-SYNC COMPLETE — Proceeding with commit
[2026-08-29T11:24:21.259Z] ═══════════════════════════════════════════════════════════

[2026-08-29T15:52:53.030Z] ═══════════════════════════════════════════════════════════
[2026-08-29T15:52:53.034Z] 🔄 PRE-COMMIT AUTO-SYNC STARTED
[2026-08-29T15:52:53.038Z] ═══════════════════════════════════════════════════════════
[2026-08-29T15:52:53.039Z] 
🔍 Checking for other sessions' pending work...
[2026-08-29T15:52:55.361Z]    ⚠️  Working tree has uncommitted changes:
[2026-08-29T15:52:55.363Z]       M automaton
[2026-08-29T15:52:55.364Z]        M external/nba-patterns/nba-prediction
[2026-08-29T15:52:55.365Z]        M logs/auto-sync/auto-sync-2026-08-29.log
[2026-08-29T15:52:55.366Z]        M logs/pre-commit-sync/pre-commit-2026-08-29.log
[2026-08-29T15:52:55.366Z]        M olp_xdv_agent/olp_xdv
[2026-08-29T15:52:55.635Z]    ⬆️  Local commits not pushed: 1
[2026-08-29T15:52:55.707Z]    ⬇️  Remote commits not pulled: 1
[2026-08-29T15:52:55.708Z]       Run: git pull --rebase
[2026-08-29T15:52:55.709Z] 
📦 Step 1: Vault <-> Memory sync (HR54)
[2026-08-29T15:52:56.173Z]    ✅ Sync complete
[2026-08-29T15:52:56.174Z] 
📥 Step 2: Git add -A (sweeps other sessions' staged files)
[2026-08-29T15:52:57.909Z]    ✅ Staged all changes
[2026-08-29T15:52:57.984Z] 
✅ Ready to commit 2 file(s)
[2026-08-29T15:52:57.985Z] 
═══════════════════════════════════════════════════════════
[2026-08-29T15:52:57.986Z] ✅ PRE-COMMIT AUTO-SYNC COMPLETE — Proceeding with commit
[2026-08-29T15:52:57.987Z] ═══════════════════════════════════════════════════════════

[2026-08-29T20:31:49.107Z] ═══════════════════════════════════════════════════════════
[2026-08-29T20:31:49.112Z] 🔄 PRE-COMMIT AUTO-SYNC STARTED
[2026-08-29T20:31:49.113Z] ═══════════════════════════════════════════════════════════
[2026-08-29T20:31:49.114Z] 
🔍 Checking for other sessions' pending work...
[2026-08-29T20:31:50.839Z]    ⚠️  Working tree has uncommitted changes:
[2026-08-29T20:31:50.840Z]       M automaton
[2026-08-29T20:31:50.841Z]        M external/nba-patterns/nba-prediction
[2026-08-29T20:31:50.842Z]        M logs/auto-sync/auto-sync-2026-08-29.log
[2026-08-29T20:31:50.842Z]        M logs/pre-commit-sync/pre-commit-2026-08-29.log
[2026-08-29T20:31:50.844Z]        M olp_xdv_agent/olp_xdv
[2026-08-29T20:31:50.987Z]    ⬆️  Local commits not pushed: 1
[2026-08-29T20:31:51.049Z]    ⬇️  Remote commits not pulled: 1
[2026-08-29T20:31:51.050Z]       Run: git pull --rebase
[2026-08-29T20:31:51.051Z] 
📦 Step 1: Vault <-> Memory sync (HR54)
[2026-08-29T20:31:51.331Z]    ✅ Sync complete
[2026-08-29T20:31:51.332Z] 
📥 Step 2: Git add -A (sweeps other sessions' staged files)
[2026-08-29T20:31:53.713Z]    ✅ Staged all changes
[2026-08-29T20:31:53.788Z] 
✅ Ready to commit 2 file(s)
[2026-08-29T20:31:53.789Z] 
═══════════════════════════════════════════════════════════
[2026-08-29T20:31:53.789Z] ✅ PRE-COMMIT AUTO-SYNC COMPLETE — Proceeding with commit
[2026-08-29T20:31:53.790Z] ═══════════════════════════════════════════════════════════

