[2026-09-12T23:03:01.593Z] ═══════════════════════════════════════════════════════════
[2026-09-12T23:03:01.599Z] 🔄 PRE-COMMIT AUTO-SYNC STARTED
[2026-09-12T23:03:01.599Z] ═══════════════════════════════════════════════════════════
[2026-09-12T23:03:01.601Z] 
🔍 Checking for other sessions' pending work...
[2026-09-12T23:03:04.678Z]    ⚠️  Working tree has uncommitted changes:
[2026-09-12T23:03:04.680Z]       M logs/auto-sync/auto-sync-2026-09-12.log
[2026-09-12T23:03:04.681Z]        M olp_xdv_agent/olp_xdv
[2026-09-12T23:03:04.682Z]        M ruflo
[2026-09-12T23:03:04.683Z]       ?? logs/pre-commit-sync/pre-commit-2026-09-12.log
[2026-09-12T23:03:04.913Z]    ⬆️  Local commits not pushed: 1
[2026-09-12T23:03:04.979Z]    ⬇️  Remote commits not pulled: 1
[2026-09-12T23:03:04.980Z]       Run: git pull --rebase
[2026-09-12T23:03:04.982Z] 
📦 Step 1: Vault <-> Memory sync (HR54)
[2026-09-12T23:03:05.375Z]    ✅ Sync complete
[2026-09-12T23:03:05.375Z] 
📥 Step 2: Git add -A (sweeps other sessions' staged files)
[2026-09-12T23:03:06.991Z]    ✅ Staged all changes
[2026-09-12T23:03:07.078Z] 
✅ Ready to commit 2 file(s)
[2026-09-12T23:03:07.079Z] 
═══════════════════════════════════════════════════════════
[2026-09-12T23:03:07.082Z] ✅ PRE-COMMIT AUTO-SYNC COMPLETE — Proceeding with commit
[2026-09-12T23:03:07.086Z] ═══════════════════════════════════════════════════════════

[2026-09-12T23:04:36.674Z] ═══════════════════════════════════════════════════════════
[2026-09-12T23:04:36.681Z] 🔄 PRE-COMMIT AUTO-SYNC STARTED
[2026-09-12T23:04:36.682Z] ═══════════════════════════════════════════════════════════
[2026-09-12T23:04:36.686Z] 
🔍 Checking for other sessions' pending work...
[2026-09-12T23:04:37.050Z]    ⬆️  Local commits not pushed: 1
[2026-09-12T23:04:37.122Z]    ⬇️  Remote commits not pulled: 1
[2026-09-12T23:04:37.123Z]       Run: git pull --rebase
[2026-09-12T23:04:37.126Z] 
📦 Step 1: Vault <-> Memory sync (HR54)
[2026-09-12T23:04:37.286Z]    ✅ Sync complete
[2026-09-12T23:04:37.287Z] 
📥 Step 2: Git add -A (sweeps other sessions' staged files)
[2026-09-12T23:04:38.435Z]    ✅ Staged all changes
[2026-09-12T23:04:38.544Z] 
✅ Ready to commit 16 file(s)
[2026-09-12T23:04:38.545Z] 
═══════════════════════════════════════════════════════════
[2026-09-12T23:04:38.549Z] ✅ PRE-COMMIT AUTO-SYNC COMPLETE — Proceeding with commit
[2026-09-12T23:04:38.553Z] ═══════════════════════════════════════════════════════════

