[2026-08-23T07:18:51.694Z] ═══════════════════════════════════════════════════════════
[2026-08-23T07:18:51.699Z] 🔄 PRE-COMMIT AUTO-SYNC STARTED
[2026-08-23T07:18:51.700Z] ═══════════════════════════════════════════════════════════
[2026-08-23T07:18:51.701Z] 
🔍 Checking for other sessions' pending work...
[2026-08-23T07:18:52.213Z]    ⚠️  Working tree has uncommitted changes:
[2026-08-23T07:18:52.215Z]       M automaton
[2026-08-23T07:18:52.216Z]       M  logs/auto-sync/auto-sync-2026-08-23.log
[2026-08-23T07:18:52.217Z]       M  logs/hourly-analysis/hourly-2026-08-23.log
[2026-08-23T07:18:52.218Z]        M olp_xdv_agent/olp_xdv
[2026-08-23T07:18:52.219Z]       ?? logs/pre-commit-sync/pre-commit-2026-08-23.log
[2026-08-23T07:18:52.363Z]    📦 Staged changes (will be committed):
[2026-08-23T07:18:52.364Z]       logs/auto-sync/auto-sync-2026-08-23.log
[2026-08-23T07:18:52.365Z]       logs/hourly-analysis/hourly-2026-08-23.log
[2026-08-23T07:18:52.636Z]    ⬆️  Local commits not pushed: 1
[2026-08-23T07:18:53.086Z]    ⬇️  Remote commits not pulled: 1
[2026-08-23T07:18:53.087Z]       Run: git pull --rebase
[2026-08-23T07:18:53.088Z] 
📦 Step 1: Vault <-> Memory sync (HR54)
[2026-08-23T07:18:53.738Z]    ✅ Sync complete
[2026-08-23T07:18:53.740Z] 
📥 Step 2: Git add -A (sweeps other sessions' staged files)
[2026-08-23T07:18:53.991Z] ═══════════════════════════════════════════════════════════
[2026-08-23T07:18:53.995Z] 🔄 PRE-COMMIT AUTO-SYNC STARTED
[2026-08-23T07:18:53.998Z] ═══════════════════════════════════════════════════════════
[2026-08-23T07:18:53.999Z] 
🔍 Checking for other sessions' pending work...
[2026-08-23T07:18:54.283Z]    ✅ Staged all changes
[2026-08-23T07:18:54.383Z] 
✅ Ready to commit 3 file(s)
[2026-08-23T07:18:54.384Z] 
═══════════════════════════════════════════════════════════
[2026-08-23T07:18:54.385Z] ✅ PRE-COMMIT AUTO-SYNC COMPLETE — Proceeding with commit
[2026-08-23T07:18:54.386Z] ═══════════════════════════════════════════════════════════

[2026-08-23T07:18:54.524Z]    ⚠️  Working tree has uncommitted changes:
[2026-08-23T07:18:54.526Z]       M automaton
[2026-08-23T07:18:54.527Z]       M  logs/auto-sync/auto-sync-2026-08-23.log
[2026-08-23T07:18:54.527Z]       M  logs/hourly-analysis/hourly-2026-08-23.log
[2026-08-23T07:18:54.528Z]        M olp_xdv_agent/olp_xdv
[2026-08-23T07:18:54.530Z]       ?? logs/pre-commit-sync/pre-commit-2026-08-23.log
[2026-08-23T07:18:54.648Z]    📦 Staged changes (will be committed):
[2026-08-23T07:18:54.649Z]       logs/auto-sync/auto-sync-2026-08-23.log
[2026-08-23T07:18:54.650Z]       logs/hourly-analysis/hourly-2026-08-23.log
[2026-08-23T07:18:54.650Z]       logs/pre-commit-sync/pre-commit-2026-08-23.log
[2026-08-23T07:18:54.717Z]    ⬆️  Local commits not pushed: 1
[2026-08-23T07:18:54.784Z]    ⬇️  Remote commits not pulled: 1
[2026-08-23T07:18:54.784Z]       Run: git pull --rebase
[2026-08-23T07:18:54.785Z] 
📦 Step 1: Vault <-> Memory sync (HR54)
[2026-08-23T07:18:55.234Z]    ✅ Sync complete
[2026-08-23T07:18:55.235Z] 
📥 Step 2: Git add -A (sweeps other sessions' staged files)
[2026-08-23T07:18:55.522Z]    ✅ Staged all changes
[2026-08-23T07:18:55.589Z] 
✅ Ready to commit 4 file(s)
[2026-08-23T07:18:55.589Z] 
═══════════════════════════════════════════════════════════
[2026-08-23T07:18:55.590Z] ✅ PRE-COMMIT AUTO-SYNC COMPLETE — Proceeding with commit
[2026-08-23T07:18:55.591Z] ═══════════════════════════════════════════════════════════

[2026-08-23T08:46:53.838Z] ═══════════════════════════════════════════════════════════
[2026-08-23T08:46:53.841Z] 🔄 PRE-COMMIT AUTO-SYNC STARTED
[2026-08-23T08:46:53.842Z] ═══════════════════════════════════════════════════════════
[2026-08-23T08:46:53.843Z] 
🔍 Checking for other sessions' pending work...
[2026-08-23T08:46:54.242Z]    ⚠️  Working tree has uncommitted changes:
[2026-08-23T08:46:54.244Z]       M logs/hourly-analysis/hourly-2026-08-23.log
[2026-08-23T08:46:54.245Z]        M logs/pre-commit-sync/pre-commit-2026-08-23.log
[2026-08-23T08:46:54.245Z]        M olp_xdv_agent/olp_xdv
[2026-08-23T08:46:54.246Z]       ?? tmp_set_oc_key.py
[2026-08-23T08:46:54.551Z]    ⬆️  Local commits not pushed: 1
[2026-08-23T08:46:54.958Z]    ⬇️  Remote commits not pulled: 1
[2026-08-23T08:46:54.959Z]       Run: git pull --rebase
[2026-08-23T08:46:54.960Z] 
📦 Step 1: Vault <-> Memory sync (HR54)
[2026-08-23T08:46:55.680Z]    ✅ Sync complete
[2026-08-23T08:46:55.681Z] 
📥 Step 2: Git add -A (sweeps other sessions' staged files)
[2026-08-23T08:46:56.223Z]    ✅ Staged all changes
[2026-08-23T08:46:56.318Z] 
✅ Ready to commit 3 file(s)
[2026-08-23T08:46:56.319Z] 
═══════════════════════════════════════════════════════════
[2026-08-23T08:46:56.320Z] ✅ PRE-COMMIT AUTO-SYNC COMPLETE — Proceeding with commit
[2026-08-23T08:46:56.320Z] ═══════════════════════════════════════════════════════════

[2026-08-23T08:53:04.660Z] ═══════════════════════════════════════════════════════════
[2026-08-23T08:53:04.663Z] 🔄 PRE-COMMIT AUTO-SYNC STARTED
[2026-08-23T08:53:04.664Z] ═══════════════════════════════════════════════════════════
[2026-08-23T08:53:04.665Z] 
🔍 Checking for other sessions' pending work...
[2026-08-23T08:53:08.147Z]    ⚠️  Working tree has uncommitted changes:
[2026-08-23T08:53:08.149Z]       M logs/pre-commit-sync/pre-commit-2026-08-23.log
[2026-08-23T08:53:08.153Z]        M olp_xdv_agent/olp_xdv
[2026-08-23T08:53:09.458Z]    ⬆️  Local commits not pushed: 1
[2026-08-23T08:53:09.562Z]    ⬇️  Remote commits not pulled: 1
[2026-08-23T08:53:09.563Z]       Run: git pull --rebase
[2026-08-23T08:53:09.564Z] 
📦 Step 1: Vault <-> Memory sync (HR54)
[2026-08-23T08:53:11.995Z]    ✅ Sync complete
[2026-08-23T08:53:11.996Z] 
📥 Step 2: Git add -A (sweeps other sessions' staged files)
[2026-08-23T08:53:14.254Z]    ✅ Staged all changes
[2026-08-23T08:53:14.584Z] 
✅ Ready to commit 1 file(s)
[2026-08-23T08:53:14.585Z] 
═══════════════════════════════════════════════════════════
[2026-08-23T08:53:14.587Z] ✅ PRE-COMMIT AUTO-SYNC COMPLETE — Proceeding with commit
[2026-08-23T08:53:14.588Z] ═══════════════════════════════════════════════════════════

