[2026-09-01T02:16:48.065Z] ═══════════════════════════════════════════════════════════
[2026-09-01T02:16:48.067Z] 🔄 PRE-COMMIT AUTO-SYNC STARTED
[2026-09-01T02:16:48.068Z] ═══════════════════════════════════════════════════════════
[2026-09-01T02:16:48.069Z] 
🔍 Checking for other sessions' pending work...
[2026-09-01T02:16:49.145Z]    ⚠️  Working tree has uncommitted changes:
[2026-09-01T02:16:49.147Z]       M logs/auto-sync/auto-sync-2026-09-01.log
[2026-09-01T02:16:49.148Z]        M olp_xdv_agent/olp_xdv
[2026-09-01T02:16:49.148Z]       ?? logs/pre-commit-sync/pre-commit-2026-09-01.log
[2026-09-01T02:16:49.322Z]    ⬆️  Local commits not pushed: 1
[2026-09-01T02:16:49.395Z]    ⬇️  Remote commits not pulled: 1
[2026-09-01T02:16:49.395Z]       Run: git pull --rebase
[2026-09-01T02:16:49.396Z] 
📦 Step 1: Vault <-> Memory sync (HR54)
[2026-09-01T02:16:49.649Z]    ✅ Sync complete
[2026-09-01T02:16:49.650Z] 
📥 Step 2: Git add -A (sweeps other sessions' staged files)
[2026-09-01T02:16:50.604Z]    ✅ Staged all changes
[2026-09-01T02:16:50.650Z] 
✅ Ready to commit 2 file(s)
[2026-09-01T02:16:50.650Z] 
═══════════════════════════════════════════════════════════
[2026-09-01T02:16:50.651Z] ✅ PRE-COMMIT AUTO-SYNC COMPLETE — Proceeding with commit
[2026-09-01T02:16:50.651Z] ═══════════════════════════════════════════════════════════

