[2026-08-22T00:15:27.290Z] ═══════════════════════════════════════════════════════════
[2026-08-22T00:15:27.296Z] 🔄 PRE-COMMIT AUTO-SYNC STARTED
[2026-08-22T00:15:27.297Z] ═══════════════════════════════════════════════════════════
[2026-08-22T00:15:27.298Z] 
🔍 Checking for other sessions' pending work...
[2026-08-22T00:15:27.567Z]    ⚠️  Working tree has uncommitted changes:
[2026-08-22T00:15:27.569Z]       M logs/auto-sync/auto-sync-2026-08-22.log
[2026-08-22T00:15:27.570Z]        M olp_xdv_agent/olp_xdv
[2026-08-22T00:15:27.571Z]       ?? logs/pre-commit-sync/pre-commit-2026-08-22.log
[2026-08-22T00:15:27.686Z]    ⬆️  Local commits not pushed: 1
[2026-08-22T00:15:27.721Z]    ⬇️  Remote commits not pulled: 1
[2026-08-22T00:15:27.722Z]       Run: git pull --rebase
[2026-08-22T00:15:27.723Z] 
📦 Step 1: Vault <-> Memory sync (HR54)
[2026-08-22T00:15:27.887Z]    ✅ Sync complete
[2026-08-22T00:15:27.887Z] 
📥 Step 2: Git add -A (sweeps other sessions' staged files)
[2026-08-22T00:15:28.107Z]    ✅ Staged all changes
[2026-08-22T00:15:28.160Z] 
✅ Ready to commit 2 file(s)
[2026-08-22T00:15:28.160Z] 
═══════════════════════════════════════════════════════════
[2026-08-22T00:15:28.161Z] ✅ PRE-COMMIT AUTO-SYNC COMPLETE — Proceeding with commit
[2026-08-22T00:15:28.162Z] ═══════════════════════════════════════════════════════════

[2026-08-22T05:39:50.914Z] ═══════════════════════════════════════════════════════════
[2026-08-22T05:39:50.921Z] 🔄 PRE-COMMIT AUTO-SYNC STARTED
[2026-08-22T05:39:50.922Z] ═══════════════════════════════════════════════════════════
[2026-08-22T05:39:50.925Z] 
🔍 Checking for other sessions' pending work...
[2026-08-22T05:39:51.378Z]    ⚠️  Working tree has uncommitted changes:
[2026-08-22T05:39:51.379Z]       M logs/auto-sync/auto-sync-2026-08-22.log
[2026-08-22T05:39:51.380Z]        M logs/pre-commit-sync/pre-commit-2026-08-22.log
[2026-08-22T05:39:51.382Z]        M olp_xdv_agent/olp_xdv
[2026-08-22T05:39:51.500Z]    ⬆️  Local commits not pushed: 1
[2026-08-22T05:39:51.534Z]    ⬇️  Remote commits not pulled: 1
[2026-08-22T05:39:51.535Z]       Run: git pull --rebase
[2026-08-22T05:39:51.536Z] 
📦 Step 1: Vault <-> Memory sync (HR54)
[2026-08-22T05:39:51.773Z]    ✅ Sync complete
[2026-08-22T05:39:51.775Z] 
📥 Step 2: Git add -A (sweeps other sessions' staged files)
[2026-08-22T05:39:52.093Z]    ✅ Staged all changes
[2026-08-22T05:39:52.157Z] 
✅ Ready to commit 2 file(s)
[2026-08-22T05:39:52.158Z] 
═══════════════════════════════════════════════════════════
[2026-08-22T05:39:52.158Z] ✅ PRE-COMMIT AUTO-SYNC COMPLETE — Proceeding with commit
[2026-08-22T05:39:52.159Z] ═══════════════════════════════════════════════════════════

[2026-08-22T10:18:40.317Z] ═══════════════════════════════════════════════════════════
[2026-08-22T10:18:40.320Z] 🔄 PRE-COMMIT AUTO-SYNC STARTED
[2026-08-22T10:18:40.321Z] ═══════════════════════════════════════════════════════════
[2026-08-22T10:18:40.322Z] 
🔍 Checking for other sessions' pending work...
[2026-08-22T10:18:40.607Z]    ⚠️  Working tree has uncommitted changes:
[2026-08-22T10:18:40.607Z]       M automaton
[2026-08-22T10:18:40.608Z]        M logs/auto-sync/auto-sync-2026-08-22.log
[2026-08-22T10:18:40.608Z]        M logs/pre-commit-sync/pre-commit-2026-08-22.log
[2026-08-22T10:18:40.609Z]        M olp_xdv_agent/olp_xdv
[2026-08-22T10:18:40.702Z]    ⬆️  Local commits not pushed: 1
[2026-08-22T10:18:40.729Z]    ⬇️  Remote commits not pulled: 1
[2026-08-22T10:18:40.730Z]       Run: git pull --rebase
[2026-08-22T10:18:40.730Z] 
📦 Step 1: Vault <-> Memory sync (HR54)
[2026-08-22T10:18:40.877Z]    ✅ Sync complete
[2026-08-22T10:18:40.878Z] 
📥 Step 2: Git add -A (sweeps other sessions' staged files)
[2026-08-22T10:18:41.134Z]    ✅ Staged all changes
[2026-08-22T10:18:41.180Z] 
✅ Ready to commit 2 file(s)
[2026-08-22T10:18:41.180Z] 
═══════════════════════════════════════════════════════════
[2026-08-22T10:18:41.181Z] ✅ PRE-COMMIT AUTO-SYNC COMPLETE — Proceeding with commit
[2026-08-22T10:18:41.182Z] ═══════════════════════════════════════════════════════════

