[2026-09-06T00:58:50.633Z] ═══════════════════════════════════════════════════════════
[2026-09-06T00:58:50.638Z] 🔄 PRE-COMMIT AUTO-SYNC STARTED
[2026-09-06T00:58:50.639Z] ═══════════════════════════════════════════════════════════
[2026-09-06T00:58:50.640Z] 
🔍 Checking for other sessions' pending work...
[2026-09-06T00:58:52.605Z]    ⚠️  Working tree has uncommitted changes:
[2026-09-06T00:58:52.606Z]       M logs/auto-sync/auto-sync-2026-09-06.log
[2026-09-06T00:58:52.607Z]        M olp_xdv_agent/olp_xdv
[2026-09-06T00:58:52.608Z]       ?? logs/pre-commit-sync/pre-commit-2026-09-06.log
[2026-09-06T00:58:52.737Z]    ⬆️  Local commits not pushed: 1
[2026-09-06T00:58:52.778Z]    ⬇️  Remote commits not pulled: 1
[2026-09-06T00:58:52.779Z]       Run: git pull --rebase
[2026-09-06T00:58:52.780Z] 
📦 Step 1: Vault <-> Memory sync (HR54)
[2026-09-06T00:58:52.991Z]    ✅ Sync complete
[2026-09-06T00:58:52.992Z] 
📥 Step 2: Git add -A (sweeps other sessions' staged files)
[2026-09-06T00:58:54.440Z]    ✅ Staged all changes
[2026-09-06T00:58:54.491Z] 
✅ Ready to commit 2 file(s)
[2026-09-06T00:58:54.492Z] 
═══════════════════════════════════════════════════════════
[2026-09-06T00:58:54.493Z] ✅ PRE-COMMIT AUTO-SYNC COMPLETE — Proceeding with commit
[2026-09-06T00:58:54.493Z] ═══════════════════════════════════════════════════════════

