[2026-08-21T03:12:01.097Z] ═══════════════════════════════════════════════════════════
[2026-08-21T03:12:01.107Z] 🔄 PRE-COMMIT AUTO-SYNC STARTED
[2026-08-21T03:12:01.108Z] ═══════════════════════════════════════════════════════════
[2026-08-21T03:12:01.110Z] 
🔍 Checking for other sessions' pending work...
[2026-08-21T03:12:01.644Z]    ⚠️  Working tree has uncommitted changes:
[2026-08-21T03:12:01.647Z]       M logs/auto-sync/auto-sync-2026-08-21.log
[2026-08-21T03:12:01.647Z]        M olp_xdv_agent/olp_xdv
[2026-08-21T03:12:01.648Z]       ?? logs/pre-commit-sync/pre-commit-2026-08-21.log
[2026-08-21T03:12:01.826Z]    ⬆️  Local commits not pushed: 1
[2026-08-21T03:12:01.906Z]    ⬇️  Remote commits not pulled: 1
[2026-08-21T03:12:01.907Z]       Run: git pull --rebase
[2026-08-21T03:12:01.908Z] 
📦 Step 1: Vault <-> Memory sync (HR54)
[2026-08-21T03:12:02.316Z]    ✅ Sync complete
[2026-08-21T03:12:02.317Z] 
📥 Step 2: Git add -A (sweeps other sessions' staged files)
[2026-08-21T03:12:02.675Z]    ✅ Staged all changes
[2026-08-21T03:12:02.747Z] 
✅ Ready to commit 2 file(s)
[2026-08-21T03:12:02.747Z] 
═══════════════════════════════════════════════════════════
[2026-08-21T03:12:02.748Z] ✅ PRE-COMMIT AUTO-SYNC COMPLETE — Proceeding with commit
[2026-08-21T03:12:02.749Z] ═══════════════════════════════════════════════════════════

