[2026-09-05T11:59:52.245Z] ═══════════════════════════════════════════════════════════
[2026-09-05T11:59:52.251Z] 🔄 PRE-COMMIT AUTO-SYNC STARTED
[2026-09-05T11:59:52.252Z] ═══════════════════════════════════════════════════════════
[2026-09-05T11:59:52.254Z] 
🔍 Checking for other sessions' pending work...
[2026-09-05T11:59:53.565Z]    ⚠️  Working tree has uncommitted changes:
[2026-09-05T11:59:53.566Z]       M logs/auto-sync/auto-sync-2026-09-05.log
[2026-09-05T11:59:53.567Z]        M olp_xdv_agent/olp_xdv
[2026-09-05T11:59:53.567Z]       ?? logs/pre-commit-sync/pre-commit-2026-09-05.log
[2026-09-05T11:59:53.667Z]    ⬆️  Local commits not pushed: 1
[2026-09-05T11:59:53.696Z]    ⬇️  Remote commits not pulled: 1
[2026-09-05T11:59:53.697Z]       Run: git pull --rebase
[2026-09-05T11:59:53.698Z] 
📦 Step 1: Vault <-> Memory sync (HR54)
[2026-09-05T11:59:54.056Z]    ✅ Sync complete
[2026-09-05T11:59:54.056Z] 
📥 Step 2: Git add -A (sweeps other sessions' staged files)
[2026-09-05T11:59:55.443Z]    ✅ Staged all changes
[2026-09-05T11:59:55.519Z] 
✅ Ready to commit 2 file(s)
[2026-09-05T11:59:55.521Z] 
═══════════════════════════════════════════════════════════
[2026-09-05T11:59:55.522Z] ✅ PRE-COMMIT AUTO-SYNC COMPLETE — Proceeding with commit
[2026-09-05T11:59:55.523Z] ═══════════════════════════════════════════════════════════

