[2026-09-02T17:18:11.791Z] ═══════════════════════════════════════════════════════════
[2026-09-02T17:18:11.795Z] 🔄 PRE-COMMIT AUTO-SYNC STARTED
[2026-09-02T17:18:11.796Z] ═══════════════════════════════════════════════════════════
[2026-09-02T17:18:11.797Z] 
🔍 Checking for other sessions' pending work...
[2026-09-02T17:18:13.275Z]    ⚠️  Working tree has uncommitted changes:
[2026-09-02T17:18:13.277Z]       M logs/auto-sync/auto-sync-2026-09-02.log
[2026-09-02T17:18:13.278Z]        M olp_xdv_agent/olp_xdv
[2026-09-02T17:18:13.279Z]       ?? logs/pre-commit-sync/pre-commit-2026-09-02.log
[2026-09-02T17:18:13.490Z]    ⬆️  Local commits not pushed: 1
[2026-09-02T17:18:13.537Z]    ⬇️  Remote commits not pulled: 1
[2026-09-02T17:18:13.538Z]       Run: git pull --rebase
[2026-09-02T17:18:13.539Z] 
📦 Step 1: Vault <-> Memory sync (HR54)
[2026-09-02T17:18:13.756Z]    ✅ Sync complete
[2026-09-02T17:18:13.757Z] 
📥 Step 2: Git add -A (sweeps other sessions' staged files)
[2026-09-02T17:18:14.946Z]    ✅ Staged all changes
[2026-09-02T17:18:15.039Z] 
✅ Ready to commit 2 file(s)
[2026-09-02T17:18:15.040Z] 
═══════════════════════════════════════════════════════════
[2026-09-02T17:18:15.040Z] ✅ PRE-COMMIT AUTO-SYNC COMPLETE — Proceeding with commit
[2026-09-02T17:18:15.041Z] ═══════════════════════════════════════════════════════════

