[2026-09-10T20:42:00.477Z] ═══════════════════════════════════════════════════════════
[2026-09-10T20:42:00.482Z] 🔄 PRE-COMMIT AUTO-SYNC STARTED
[2026-09-10T20:42:00.483Z] ═══════════════════════════════════════════════════════════
[2026-09-10T20:42:00.485Z] 
🔍 Checking for other sessions' pending work...
[2026-09-10T20:42:02.041Z]    ⚠️  Working tree has uncommitted changes:
[2026-09-10T20:42:02.043Z]       M logs/auto-sync/auto-sync-2026-09-10.log
[2026-09-10T20:42:02.043Z]        M olp_xdv_agent/olp_xdv
[2026-09-10T20:42:02.044Z]        M ruflo
[2026-09-10T20:42:02.045Z]       ?? logs/pre-commit-sync/pre-commit-2026-09-10.log
[2026-09-10T20:42:02.138Z]    ⬆️  Local commits not pushed: 1
[2026-09-10T20:42:02.179Z]    ⬇️  Remote commits not pulled: 1
[2026-09-10T20:42:02.181Z]       Run: git pull --rebase
[2026-09-10T20:42:02.182Z] 
📦 Step 1: Vault <-> Memory sync (HR54)
[2026-09-10T20:42:02.455Z]    ✅ Sync complete
[2026-09-10T20:42:02.456Z] 
📥 Step 2: Git add -A (sweeps other sessions' staged files)
[2026-09-10T20:42:04.018Z]    ✅ Staged all changes
[2026-09-10T20:42:04.069Z] 
✅ Ready to commit 2 file(s)
[2026-09-10T20:42:04.070Z] 
═══════════════════════════════════════════════════════════
[2026-09-10T20:42:04.070Z] ✅ PRE-COMMIT AUTO-SYNC COMPLETE — Proceeding with commit
[2026-09-10T20:42:04.071Z] ═══════════════════════════════════════════════════════════

