[2026-09-11T09:23:05.094Z] ═══════════════════════════════════════════════════════════
[2026-09-11T09:23:05.099Z] 🔄 PRE-COMMIT AUTO-SYNC STARTED
[2026-09-11T09:23:05.100Z] ═══════════════════════════════════════════════════════════
[2026-09-11T09:23:05.102Z] 
🔍 Checking for other sessions' pending work...
[2026-09-11T09:23:06.510Z]    ⚠️  Working tree has uncommitted changes:
[2026-09-11T09:23:06.511Z]       M logs/auto-sync/auto-sync-2026-09-11.log
[2026-09-11T09:23:06.512Z]        M olp_xdv_agent/olp_xdv
[2026-09-11T09:23:06.513Z]        M ruflo
[2026-09-11T09:23:06.514Z]       ?? logs/pre-commit-sync/pre-commit-2026-09-11.log
[2026-09-11T09:23:06.620Z]    ⬆️  Local commits not pushed: 1
[2026-09-11T09:23:06.650Z]    ⬇️  Remote commits not pulled: 1
[2026-09-11T09:23:06.651Z]       Run: git pull --rebase
[2026-09-11T09:23:06.651Z] 
📦 Step 1: Vault <-> Memory sync (HR54)
[2026-09-11T09:23:06.824Z]    ✅ Sync complete
[2026-09-11T09:23:06.825Z] 
📥 Step 2: Git add -A (sweeps other sessions' staged files)
[2026-09-11T09:23:08.351Z]    ✅ Staged all changes
[2026-09-11T09:23:08.486Z] 
✅ Ready to commit 2 file(s)
[2026-09-11T09:23:08.487Z] 
═══════════════════════════════════════════════════════════
[2026-09-11T09:23:08.489Z] ✅ PRE-COMMIT AUTO-SYNC COMPLETE — Proceeding with commit
[2026-09-11T09:23:08.490Z] ═══════════════════════════════════════════════════════════

