[2026-08-26T07:45:27.245Z] ═══════════════════════════════════════════════════════════
[2026-08-26T07:45:27.248Z] 🔄 PRE-COMMIT AUTO-SYNC STARTED
[2026-08-26T07:45:27.249Z] ═══════════════════════════════════════════════════════════
[2026-08-26T07:45:27.250Z] 
🔍 Checking for other sessions' pending work...
[2026-08-26T07:45:28.421Z]    ⚠️  Working tree has uncommitted changes:
[2026-08-26T07:45:28.423Z]       M automaton
[2026-08-26T07:45:28.424Z]        M external/nba-patterns/nba-prediction
[2026-08-26T07:45:28.425Z]        M logs/auto-sync/auto-sync-2026-08-26.log
[2026-08-26T07:45:28.426Z]        M olp_xdv_agent/olp_xdv
[2026-08-26T07:45:28.426Z]       ?? logs/pre-commit-sync/pre-commit-2026-08-26.log
[2026-08-26T07:45:28.512Z]    ⬆️  Local commits not pushed: 1
[2026-08-26T07:45:28.537Z]    ⬇️  Remote commits not pulled: 1
[2026-08-26T07:45:28.537Z]       Run: git pull --rebase
[2026-08-26T07:45:28.538Z] 
📦 Step 1: Vault <-> Memory sync (HR54)
[2026-08-26T07:45:28.687Z]    ✅ Sync complete
[2026-08-26T07:45:28.688Z] 
📥 Step 2: Git add -A (sweeps other sessions' staged files)
[2026-08-26T07:45:29.959Z]    ✅ Staged all changes
[2026-08-26T07:45:30.004Z] 
✅ Ready to commit 2 file(s)
[2026-08-26T07:45:30.004Z] 
═══════════════════════════════════════════════════════════
[2026-08-26T07:45:30.005Z] ✅ PRE-COMMIT AUTO-SYNC COMPLETE — Proceeding with commit
[2026-08-26T07:45:30.006Z] ═══════════════════════════════════════════════════════════

[2026-08-26T22:52:43.613Z] ═══════════════════════════════════════════════════════════
[2026-08-26T22:52:43.617Z] 🔄 PRE-COMMIT AUTO-SYNC STARTED
[2026-08-26T22:52:43.618Z] ═══════════════════════════════════════════════════════════
[2026-08-26T22:52:43.618Z] 
🔍 Checking for other sessions' pending work...
[2026-08-26T22:52:45.045Z]    ⚠️  Working tree has uncommitted changes:
[2026-08-26T22:52:45.046Z]       M automaton
[2026-08-26T22:52:45.047Z]        M external/nba-patterns/nba-prediction
[2026-08-26T22:52:45.048Z]        M logs/auto-sync/auto-sync-2026-08-26.log
[2026-08-26T22:52:45.048Z]        M logs/pre-commit-sync/pre-commit-2026-08-26.log
[2026-08-26T22:52:45.049Z]        M olp_xdv_agent/olp_xdv
[2026-08-26T22:52:45.143Z]    ⬆️  Local commits not pushed: 1
[2026-08-26T22:52:45.172Z]    ⬇️  Remote commits not pulled: 1
[2026-08-26T22:52:45.173Z]       Run: git pull --rebase
[2026-08-26T22:52:45.173Z] 
📦 Step 1: Vault <-> Memory sync (HR54)
[2026-08-26T22:52:45.328Z]    ✅ Sync complete
[2026-08-26T22:52:45.328Z] 
📥 Step 2: Git add -A (sweeps other sessions' staged files)
[2026-08-26T22:52:47.343Z]    ✅ Staged all changes
[2026-08-26T22:52:47.475Z] 
✅ Ready to commit 2 file(s)
[2026-08-26T22:52:47.476Z] 
═══════════════════════════════════════════════════════════
[2026-08-26T22:52:47.477Z] ✅ PRE-COMMIT AUTO-SYNC COMPLETE — Proceeding with commit
[2026-08-26T22:52:47.477Z] ═══════════════════════════════════════════════════════════

