[2026-09-09T21:13:44.273Z] ═══════════════════════════════════════════════════════════
[2026-09-09T21:13:44.276Z] 🔄 PRE-COMMIT AUTO-SYNC STARTED
[2026-09-09T21:13:44.276Z] ═══════════════════════════════════════════════════════════
[2026-09-09T21:13:44.277Z] 
🔍 Checking for other sessions' pending work...
[2026-09-09T21:13:45.592Z]    ⚠️  Working tree has uncommitted changes:
[2026-09-09T21:13:45.594Z]       M logs/auto-sync/auto-sync-2026-09-09.log
[2026-09-09T21:13:45.595Z]        M olp_xdv_agent/olp_xdv
[2026-09-09T21:13:45.596Z]       ?? logs/pre-commit-sync/pre-commit-2026-09-09.log
[2026-09-09T21:13:45.720Z]    ⬆️  Local commits not pushed: 1
[2026-09-09T21:13:45.749Z]    ⬇️  Remote commits not pulled: 1
[2026-09-09T21:13:45.750Z]       Run: git pull --rebase
[2026-09-09T21:13:45.750Z] 
📦 Step 1: Vault <-> Memory sync (HR54)
[2026-09-09T21:13:45.885Z]    ✅ Sync complete
[2026-09-09T21:13:45.886Z] 
📥 Step 2: Git add -A (sweeps other sessions' staged files)
[2026-09-09T21:13:47.182Z]    ✅ Staged all changes
[2026-09-09T21:13:47.234Z] 
✅ Ready to commit 2 file(s)
[2026-09-09T21:13:47.235Z] 
═══════════════════════════════════════════════════════════
[2026-09-09T21:13:47.236Z] ✅ PRE-COMMIT AUTO-SYNC COMPLETE — Proceeding with commit
[2026-09-09T21:13:47.236Z] ═══════════════════════════════════════════════════════════

