[2026-08-30T00:35:39.110Z] ═══════════════════════════════════════════════════════════
[2026-08-30T00:35:39.113Z] 🔄 PRE-COMMIT AUTO-SYNC STARTED
[2026-08-30T00:35:39.114Z] ═══════════════════════════════════════════════════════════
[2026-08-30T00:35:39.115Z] 
🔍 Checking for other sessions' pending work...
[2026-08-30T00:35:39.943Z]    ⚠️  Working tree has uncommitted changes:
[2026-08-30T00:35:39.945Z]       M automaton
[2026-08-30T00:35:39.946Z]        M external/nba-patterns/nba-prediction
[2026-08-30T00:35:39.946Z]        M logs/auto-sync/auto-sync-2026-08-30.log
[2026-08-30T00:35:39.947Z]        M olp_xdv_agent/olp_xdv
[2026-08-30T00:35:39.948Z]       ?? logs/pre-commit-sync/pre-commit-2026-08-30.log
[2026-08-30T00:35:40.019Z]    ⬆️  Local commits not pushed: 1
[2026-08-30T00:35:40.042Z]    ⬇️  Remote commits not pulled: 1
[2026-08-30T00:35:40.042Z]       Run: git pull --rebase
[2026-08-30T00:35:40.043Z] 
📦 Step 1: Vault <-> Memory sync (HR54)
[2026-08-30T00:35:40.167Z]    ✅ Sync complete
[2026-08-30T00:35:40.168Z] 
📥 Step 2: Git add -A (sweeps other sessions' staged files)
[2026-08-30T00:35:41.065Z]    ✅ Staged all changes
[2026-08-30T00:35:41.105Z] 
✅ Ready to commit 2 file(s)
[2026-08-30T00:35:41.107Z] 
═══════════════════════════════════════════════════════════
[2026-08-30T00:35:41.107Z] ✅ PRE-COMMIT AUTO-SYNC COMPLETE — Proceeding with commit
[2026-08-30T00:35:41.108Z] ═══════════════════════════════════════════════════════════

[2026-08-30T03:29:45.394Z] ═══════════════════════════════════════════════════════════
[2026-08-30T03:29:45.397Z] 🔄 PRE-COMMIT AUTO-SYNC STARTED
[2026-08-30T03:29:45.398Z] ═══════════════════════════════════════════════════════════
[2026-08-30T03:29:45.399Z] 
🔍 Checking for other sessions' pending work...
[2026-08-30T03:29:47.365Z]    ⚠️  Working tree has uncommitted changes:
[2026-08-30T03:29:47.367Z]       M automaton
[2026-08-30T03:29:47.368Z]        M external/nba-patterns/nba-prediction
[2026-08-30T03:29:47.369Z]        M logs/auto-sync/auto-sync-2026-08-30.log
[2026-08-30T03:29:47.369Z]        M logs/pre-commit-sync/pre-commit-2026-08-30.log
[2026-08-30T03:29:47.370Z]        M olp_xdv_agent/olp_xdv
[2026-08-30T03:29:48.091Z]    ⬆️  Local commits not pushed: 1
[2026-08-30T03:29:48.204Z]    ⬇️  Remote commits not pulled: 1
[2026-08-30T03:29:48.205Z]       Run: git pull --rebase
[2026-08-30T03:29:48.206Z] 
📦 Step 1: Vault <-> Memory sync (HR54)
[2026-08-30T03:29:49.540Z]    ✅ Sync complete
[2026-08-30T03:29:49.542Z] 
📥 Step 2: Git add -A (sweeps other sessions' staged files)
[2026-08-30T03:29:51.454Z]    ✅ Staged all changes
[2026-08-30T03:29:51.560Z] 
✅ Ready to commit 2 file(s)
[2026-08-30T03:29:51.561Z] 
═══════════════════════════════════════════════════════════
[2026-08-30T03:29:51.561Z] ✅ PRE-COMMIT AUTO-SYNC COMPLETE — Proceeding with commit
[2026-08-30T03:29:51.562Z] ═══════════════════════════════════════════════════════════

