[2026-08-20T22:17:23.739Z] ═══════════════════════════════════════════════════════════
[2026-08-20T22:17:23.746Z] 🔄 PRE-COMMIT AUTO-SYNC STARTED
[2026-08-20T22:17:23.747Z] ═══════════════════════════════════════════════════════════
[2026-08-20T22:17:23.749Z] 
🔍 Checking for other sessions' pending work...
[2026-08-20T22:17:24.720Z]    ⚠️  Working tree has uncommitted changes:
[2026-08-20T22:17:24.722Z]       M logs/auto-sync/auto-sync-2026-08-20.log
[2026-08-20T22:17:24.722Z]        M olp_xdv_agent/olp_xdv
[2026-08-20T22:17:24.723Z]       ?? logs/pre-commit-sync/
[2026-08-20T22:17:24.947Z]    ⬆️  Local commits not pushed: 1
[2026-08-20T22:17:25.003Z]    ⬇️  Remote commits not pulled: 1
[2026-08-20T22:17:25.004Z]       Run: git pull --rebase
[2026-08-20T22:17:25.005Z] 
📦 Step 1: Vault <-> Memory sync (HR54)
[2026-08-20T22:17:25.284Z]    ✅ Sync complete
[2026-08-20T22:17:25.285Z] 
📥 Step 2: Git add -A (sweeps other sessions' staged files)
[2026-08-20T22:17:25.668Z]    ✅ Staged all changes
[2026-08-20T22:17:25.850Z] 
✅ Ready to commit 2 file(s)
[2026-08-20T22:17:25.851Z] 
═══════════════════════════════════════════════════════════
[2026-08-20T22:17:25.851Z] ✅ PRE-COMMIT AUTO-SYNC COMPLETE — Proceeding with commit
[2026-08-20T22:17:25.852Z] ═══════════════════════════════════════════════════════════

