[2026-08-30T00:00:16.081Z] ═══════════════════════════════════════════════════════════
[2026-08-30T00:00:16.088Z] 🔄 AUTO SYNC + COMMIT STARTED
[2026-08-30T00:00:16.089Z] ═══════════════════════════════════════════════════════════
[2026-08-30T00:00:16.090Z] 
📦 Step 1: Vault <-> Memory sync (HR54)
[2026-08-30T00:00:16.314Z]    ✅ Sync complete
[2026-08-30T00:00:16.316Z]    
[2026-08-30T00:00:16.316Z] 
📋 Step 2: Git status check
[2026-08-30T00:00:19.623Z]    Files changed: 5
[2026-08-30T00:00:19.628Z]    Changes:
      m automaton
       m external/nba-patterns/nba-prediction
       M logs/auto-sync/auto-sync-2026-08-29.log
       m olp_xdv_agent/olp_xdv
      ?? logs/auto-sync/auto-sync-2026-08-30.log
[2026-08-30T00:00:19.630Z] 
📥 Step 3: Git add -A (sweeps other session's staged files)
[2026-08-30T00:00:20.470Z]    ✅ Staged all changes
[2026-08-30T00:00:20.470Z] 
💾 Step 4: Check for staged changes to commit
[2026-08-30T00:00:20.548Z]    Staged files (2): logs/auto-sync/auto-sync-2026-08-29.log, logs/auto-sync/auto-sync-2026-08-30.log
[2026-08-30T00:00:20.549Z] 
✍️  Step 5: Committing changes
[2026-08-30T00:00:20.775Z]    ✅ Committed: [main 8475643] chore(auto): vault-memory sync + changes 2026-08-30 00:00:20
[2026-08-30T00:00:20.775Z] 
📊 Step 6: Final status
[2026-08-30T00:00:21.626Z]    Working tree: DIRTY
[2026-08-30T00:00:21.627Z]    Remaining: m automaton
 m external/nba-patterns/nba-prediction
 M logs/auto-sync/auto-sync-2026-08-30.log
 m olp_xdv_agent/olp_xdv
[2026-08-30T00:00:21.628Z] 
═══════════════════════════════════════════════════════════
[2026-08-30T00:00:21.629Z] ✅ AUTO SYNC + COMMIT COMPLETE
[2026-08-30T00:00:21.630Z] ═══════════════════════════════════════════════════════════

[2026-08-30T00:05:15.126Z] ═══════════════════════════════════════════════════════════
[2026-08-30T00:05:15.132Z] 🔄 AUTO SYNC + COMMIT STARTED
[2026-08-30T00:05:15.133Z] ═══════════════════════════════════════════════════════════
[2026-08-30T00:05:15.133Z] 
📦 Step 1: Vault <-> Memory sync (HR54)
[2026-08-30T00:05:15.260Z]    ✅ Sync complete
[2026-08-30T00:05:15.261Z]    
[2026-08-30T00:05:15.262Z] 
📋 Step 2: Git status check
[2026-08-30T00:05:16.129Z]    Files changed: 4
[2026-08-30T00:05:16.130Z]    Changes:
      m automaton
       m external/nba-patterns/nba-prediction
       M logs/auto-sync/auto-sync-2026-08-30.log
       m olp_xdv_agent/olp_xdv
[2026-08-30T00:05:16.131Z] 
📥 Step 3: Git add -A (sweeps other session's staged files)
[2026-08-30T00:05:17.087Z]    ✅ Staged all changes
[2026-08-30T00:05:17.087Z] 
💾 Step 4: Check for staged changes to commit
[2026-08-30T00:05:17.159Z]    Staged files (1): logs/auto-sync/auto-sync-2026-08-30.log
[2026-08-30T00:05:17.160Z] 
✍️  Step 5: Committing changes
[2026-08-30T00:05:17.380Z]    ✅ Committed: [main c575332] chore(auto): vault-memory sync + changes 2026-08-30 00:05:17
[2026-08-30T00:05:17.380Z] 
📊 Step 6: Final status
[2026-08-30T00:05:18.241Z]    Working tree: DIRTY
[2026-08-30T00:05:18.241Z]    Remaining: m automaton
 m external/nba-patterns/nba-prediction
 M logs/auto-sync/auto-sync-2026-08-30.log
 m olp_xdv_agent/olp_xdv
[2026-08-30T00:05:18.242Z] 
═══════════════════════════════════════════════════════════
[2026-08-30T00:05:18.243Z] ✅ AUTO SYNC + COMMIT COMPLETE
[2026-08-30T00:05:18.244Z] ═══════════════════════════════════════════════════════════

[2026-08-30T00:10:15.091Z] ═══════════════════════════════════════════════════════════
[2026-08-30T00:10:15.096Z] 🔄 AUTO SYNC + COMMIT STARTED
[2026-08-30T00:10:15.097Z] ═══════════════════════════════════════════════════════════
[2026-08-30T00:10:15.098Z] 
📦 Step 1: Vault <-> Memory sync (HR54)
[2026-08-30T00:10:15.221Z]    ✅ Sync complete
[2026-08-30T00:10:15.222Z]    
[2026-08-30T00:10:15.223Z] 
📋 Step 2: Git status check
[2026-08-30T00:10:16.079Z]    Files changed: 4
[2026-08-30T00:10:16.080Z]    Changes:
      m automaton
       m external/nba-patterns/nba-prediction
       M logs/auto-sync/auto-sync-2026-08-30.log
       m olp_xdv_agent/olp_xdv
[2026-08-30T00:10:16.081Z] 
📥 Step 3: Git add -A (sweeps other session's staged files)
