[2026-09-11T00:00:15.153Z] ═══════════════════════════════════════════════════════════
[2026-09-11T00:00:15.160Z] 🔄 AUTO SYNC + COMMIT STARTED
[2026-09-11T00:00:15.161Z] ═══════════════════════════════════════════════════════════
[2026-09-11T00:00:15.162Z] 
📦 Step 1: Vault <-> Memory sync (HR54)
[2026-09-11T00:00:15.284Z]    ✅ Sync complete
[2026-09-11T00:00:15.286Z]    
[2026-09-11T00:00:15.287Z] 
📋 Step 2: Git status check
[2026-09-11T00:00:16.168Z]    Files changed: 4
[2026-09-11T00:00:16.168Z]    Changes:
      M logs/auto-sync/auto-sync-2026-09-10.log
       m olp_xdv_agent/olp_xdv
       m ruflo
      ?? logs/auto-sync/auto-sync-2026-09-11.log
[2026-09-11T00:00:16.169Z] 
📥 Step 3: Git add -A (sweeps other session's staged files)
[2026-09-11T00:00:17.060Z]    ✅ Staged all changes
[2026-09-11T00:00:17.061Z] 
💾 Step 4: Check for staged changes to commit
[2026-09-11T00:00:17.130Z]    Staged files (2): logs/auto-sync/auto-sync-2026-09-10.log, logs/auto-sync/auto-sync-2026-09-11.log
[2026-09-11T00:00:17.131Z] 
✍️  Step 5: Committing changes
[2026-09-11T00:00:17.364Z]    ✅ Committed: [main dfc47378] chore(auto): vault-memory sync + changes 2026-09-11 00:00:17
[2026-09-11T00:00:17.365Z] 
📊 Step 6: Final status
[2026-09-11T00:00:18.221Z]    Working tree: DIRTY
[2026-09-11T00:00:18.222Z]    Remaining: M logs/auto-sync/auto-sync-2026-09-11.log
 m olp_xdv_agent/olp_xdv
 m ruflo
[2026-09-11T00:00:18.222Z] 
═══════════════════════════════════════════════════════════
[2026-09-11T00:00:18.223Z] ✅ AUTO SYNC + COMMIT COMPLETE
[2026-09-11T00:00:18.224Z] ═══════════════════════════════════════════════════════════

[2026-09-11T00:05:15.199Z] ═══════════════════════════════════════════════════════════
[2026-09-11T00:05:15.205Z] 🔄 AUTO SYNC + COMMIT STARTED
[2026-09-11T00:05:15.206Z] ═══════════════════════════════════════════════════════════
[2026-09-11T00:05:15.207Z] 
📦 Step 1: Vault <-> Memory sync (HR54)
[2026-09-11T00:05:15.337Z]    ✅ Sync complete
[2026-09-11T00:05:15.338Z]    
[2026-09-11T00:05:15.338Z] 
📋 Step 2: Git status check
[2026-09-11T00:05:16.327Z]    Files changed: 3
[2026-09-11T00:05:16.327Z]    Changes:
      M logs/auto-sync/auto-sync-2026-09-11.log
       m olp_xdv_agent/olp_xdv
       m ruflo
[2026-09-11T00:05:16.329Z] 
📥 Step 3: Git add -A (sweeps other session's staged files)
