[2026-09-01T00:00:15.170Z] ═══════════════════════════════════════════════════════════
[2026-09-01T00:00:15.178Z] 🔄 AUTO SYNC + COMMIT STARTED
[2026-09-01T00:00:15.179Z] ═══════════════════════════════════════════════════════════
[2026-09-01T00:00:15.182Z] 
📦 Step 1: Vault <-> Memory sync (HR54)
[2026-09-01T00:00:15.348Z]    ✅ Sync complete
[2026-09-01T00:00:15.349Z]    
[2026-09-01T00:00:15.350Z] 
📋 Step 2: Git status check
[2026-09-01T00:00:16.237Z]    Files changed: 3
[2026-09-01T00:00:16.238Z]    Changes:
      M logs/auto-sync/auto-sync-2026-08-31.log
       m olp_xdv_agent/olp_xdv
      ?? logs/auto-sync/auto-sync-2026-09-01.log
[2026-09-01T00:00:16.239Z] 
📥 Step 3: Git add -A (sweeps other session's staged files)
[2026-09-01T00:00:17.093Z]    ✅ Staged all changes
[2026-09-01T00:00:17.093Z] 
💾 Step 4: Check for staged changes to commit
[2026-09-01T00:00:17.164Z]    Staged files (2): logs/auto-sync/auto-sync-2026-08-31.log, logs/auto-sync/auto-sync-2026-09-01.log
[2026-09-01T00:00:17.165Z] 
✍️  Step 5: Committing changes
[2026-09-01T00:00:17.410Z]    ✅ Committed: [main d64e5fd] chore(auto): vault-memory sync + changes 2026-09-01 00:00:17
[2026-09-01T00:00:17.410Z] 
📊 Step 6: Final status
[2026-09-01T00:00:18.262Z]    Working tree: DIRTY
[2026-09-01T00:00:18.263Z]    Remaining: M logs/auto-sync/auto-sync-2026-09-01.log
 m olp_xdv_agent/olp_xdv
[2026-09-01T00:00:18.264Z] 
═══════════════════════════════════════════════════════════
[2026-09-01T00:00:18.265Z] ✅ AUTO SYNC + COMMIT COMPLETE
[2026-09-01T00:00:18.266Z] ═══════════════════════════════════════════════════════════

[2026-09-01T00:05:15.179Z] ═══════════════════════════════════════════════════════════
[2026-09-01T00:05:15.188Z] 🔄 AUTO SYNC + COMMIT STARTED
[2026-09-01T00:05:15.189Z] ═══════════════════════════════════════════════════════════
[2026-09-01T00:05:15.189Z] 
📦 Step 1: Vault <-> Memory sync (HR54)
[2026-09-01T00:05:15.341Z]    ✅ Sync complete
[2026-09-01T00:05:15.342Z]    
[2026-09-01T00:05:15.343Z] 
📋 Step 2: Git status check
[2026-09-01T00:05:16.207Z]    Files changed: 2
[2026-09-01T00:05:16.208Z]    Changes:
      M logs/auto-sync/auto-sync-2026-09-01.log
       m olp_xdv_agent/olp_xdv
[2026-09-01T00:05:16.208Z] 
📥 Step 3: Git add -A (sweeps other session's staged files)
