[2026-09-12T00:00:14.950Z] ═══════════════════════════════════════════════════════════
[2026-09-12T00:00:14.957Z] 🔄 AUTO SYNC + COMMIT STARTED
[2026-09-12T00:00:14.958Z] ═══════════════════════════════════════════════════════════
[2026-09-12T00:00:14.960Z] 
📦 Step 1: Vault <-> Memory sync (HR54)
[2026-09-12T00:00:15.085Z]    ✅ Sync complete
[2026-09-12T00:00:15.090Z]    
[2026-09-12T00:00:15.091Z] 
📋 Step 2: Git status check
[2026-09-12T00:00:15.978Z]    Files changed: 4
[2026-09-12T00:00:15.979Z]    Changes:
      M logs/auto-sync/auto-sync-2026-09-11.log
       m olp_xdv_agent/olp_xdv
       m ruflo
      ?? logs/auto-sync/auto-sync-2026-09-12.log
[2026-09-12T00:00:15.980Z] 
📥 Step 3: Git add -A (sweeps other session's staged files)
[2026-09-12T00:00:16.966Z]    ✅ Staged all changes
[2026-09-12T00:00:16.967Z] 
💾 Step 4: Check for staged changes to commit
[2026-09-12T00:00:17.039Z]    Staged files (2): logs/auto-sync/auto-sync-2026-09-11.log, logs/auto-sync/auto-sync-2026-09-12.log
[2026-09-12T00:00:17.040Z] 
✍️  Step 5: Committing changes
[2026-09-12T00:00:17.287Z]    ✅ Committed: [main 45de4877] chore(auto): vault-memory sync + changes 2026-09-12 00:00:17
[2026-09-12T00:00:17.288Z] 
📊 Step 6: Final status
[2026-09-12T00:00:18.184Z]    Working tree: DIRTY
[2026-09-12T00:00:18.184Z]    Remaining: M logs/auto-sync/auto-sync-2026-09-12.log
 m olp_xdv_agent/olp_xdv
 m ruflo
[2026-09-12T00:00:18.185Z] 
═══════════════════════════════════════════════════════════
[2026-09-12T00:00:18.186Z] ✅ AUTO SYNC + COMMIT COMPLETE
[2026-09-12T00:00:18.187Z] ═══════════════════════════════════════════════════════════

[2026-09-12T00:05:14.961Z] ═══════════════════════════════════════════════════════════
[2026-09-12T00:05:14.970Z] 🔄 AUTO SYNC + COMMIT STARTED
[2026-09-12T00:05:14.971Z] ═══════════════════════════════════════════════════════════
[2026-09-12T00:05:14.972Z] 
📦 Step 1: Vault <-> Memory sync (HR54)
[2026-09-12T00:05:15.093Z]    ✅ Sync complete
[2026-09-12T00:05:15.094Z]    
[2026-09-12T00:05:15.095Z] 
📋 Step 2: Git status check
[2026-09-12T00:05:15.984Z]    Files changed: 3
[2026-09-12T00:05:15.985Z]    Changes:
      M logs/auto-sync/auto-sync-2026-09-12.log
       m olp_xdv_agent/olp_xdv
       m ruflo
[2026-09-12T00:05:15.986Z] 
📥 Step 3: Git add -A (sweeps other session's staged files)
