[2026-09-08T00:00:14.527Z] ═══════════════════════════════════════════════════════════
[2026-09-08T00:00:14.536Z] 🔄 AUTO SYNC + COMMIT STARTED
[2026-09-08T00:00:14.537Z] ═══════════════════════════════════════════════════════════
[2026-09-08T00:00:14.537Z] 
📦 Step 1: Vault <-> Memory sync (HR54)
[2026-09-08T00:00:14.722Z]    ✅ Sync complete
[2026-09-08T00:00:14.723Z]    
[2026-09-08T00:00:14.724Z] 
📋 Step 2: Git status check
[2026-09-08T00:00:15.520Z]    Files changed: 3
[2026-09-08T00:00:15.521Z]    Changes:
      M logs/auto-sync/auto-sync-2026-09-07.log
       m olp_xdv_agent/olp_xdv
      ?? logs/auto-sync/auto-sync-2026-09-08.log
[2026-09-08T00:00:15.521Z] 
📥 Step 3: Git add -A (sweeps other session's staged files)
[2026-09-08T00:00:16.346Z]    ✅ Staged all changes
[2026-09-08T00:00:16.347Z] 
💾 Step 4: Check for staged changes to commit
[2026-09-08T00:00:16.417Z]    Staged files (2): logs/auto-sync/auto-sync-2026-09-07.log, logs/auto-sync/auto-sync-2026-09-08.log
[2026-09-08T00:00:16.418Z] 
✍️  Step 5: Committing changes
[2026-09-08T00:00:16.653Z]    ✅ Committed: [main 5913d4a8] chore(auto): vault-memory sync + changes 2026-09-08 00:00:16
[2026-09-08T00:00:16.653Z] 
📊 Step 6: Final status
[2026-09-08T00:00:17.462Z]    Working tree: DIRTY
[2026-09-08T00:00:17.462Z]    Remaining: M logs/auto-sync/auto-sync-2026-09-08.log
 m olp_xdv_agent/olp_xdv
[2026-09-08T00:00:17.463Z] 
═══════════════════════════════════════════════════════════
[2026-09-08T00:00:17.464Z] ✅ AUTO SYNC + COMMIT COMPLETE
[2026-09-08T00:00:17.465Z] ═══════════════════════════════════════════════════════════

[2026-09-08T00:05:14.442Z] ═══════════════════════════════════════════════════════════
[2026-09-08T00:05:14.449Z] 🔄 AUTO SYNC + COMMIT STARTED
[2026-09-08T00:05:14.449Z] ═══════════════════════════════════════════════════════════
[2026-09-08T00:05:14.450Z] 
📦 Step 1: Vault <-> Memory sync (HR54)
[2026-09-08T00:05:14.572Z]    ✅ Sync complete
[2026-09-08T00:05:14.572Z]    
[2026-09-08T00:05:14.573Z] 
📋 Step 2: Git status check
[2026-09-08T00:05:15.384Z]    Files changed: 2
[2026-09-08T00:05:15.384Z]    Changes:
      M logs/auto-sync/auto-sync-2026-09-08.log
       m olp_xdv_agent/olp_xdv
[2026-09-08T00:05:15.385Z] 
📥 Step 3: Git add -A (sweeps other session's staged files)
